[frenify.com/envato/marketify/html/arlo/1/index-3.html]
[backblue.gif]
[fade.gif]
[index.html]
[frenify.com/envato/marketify/html/arlo/1/css/plugins.css]
[frenify.com/envato/marketify/html/arlo/1/css/style.css]
[frenify.com/envato/marketify/html/arlo/1/img/logo/mobile_logo.png]
[frenify.com/envato/marketify/html/arlo/1/img/logo/desktop-logo.png]
[frenify.com/envato/marketify/html/arlo/1/img/hero/img.jpg]
[frenify.com/envato/marketify/html/arlo/1/img/about/550x640.jpg]
[frenify.com/envato/marketify/html/arlo/1/img/about/1.jpg]
[frenify.com/envato/marketify/html/arlo/1/index.html]
[frenify.com/envato/marketify/html/arlo/1/img/svg/camera-diaphragm.svg]
[frenify.com/envato/marketify/html/arlo/1/img/svg/new-tab.svg]
[frenify.com/envato/marketify/html/arlo/1/img/svg/layers.svg]
[frenify.com/envato/marketify/html/arlo/1/img/svg/share.svg]
[frenify.com/envato/marketify/html/arlo/1/img/svg/adobe-illustrator.svg]
[frenify.com/envato/marketify/html/arlo/1/img/svg/seo-performance-marketing-graphic.svg]
[frenify.com/envato/marketify/html/arlo/1/portfolio-single.html]
[frenify.com/envato/marketify/html/arlo/1/img/portfolio/600x600.jpg]
[frenify.com/envato/marketify/html/arlo/1/img/portfolio/1.jpg]
[frenify.com/envato/marketify/html/arlo/1/portfolio-single-2.html]
[frenify.com/envato/marketify/html/arlo/1/img/portfolio/2.jpg]
[frenify.com/envato/marketify/html/arlo/1/portfolio-single-3.html]
[frenify.com/envato/marketify/html/arlo/1/img/portfolio/3.jpg]
[frenify.com/envato/marketify/html/arlo/1/portfolio-single-4.html]
[frenify.com/envato/marketify/html/arlo/1/img/portfolio/4.jpg]
[frenify.com/envato/marketify/html/arlo/1/portfolio-single-5.html]
[frenify.com/envato/marketify/html/arlo/1/img/portfolio/5.jpg]
[frenify.com/envato/marketify/html/arlo/1/img/portfolio/6.jpg]
[frenify.com/envato/marketify/html/arlo/1/portfolio-single-6.html]
[frenify.com/envato/marketify/html/arlo/1/img/blog/500x350.jpg]
[frenify.com/envato/marketify/html/arlo/1/img/blog/1170x450.jpg]
[frenify.com/envato/marketify/html/arlo/1/img/blog/1.jpg]
[frenify.com/envato/marketify/html/arlo/1/img/blog/2.jpg]
[frenify.com/envato/marketify/html/arlo/1/img/blog/3.jpg]
[frenify.com/envato/marketify/html/arlo/1/js/jquery.js]
[frenify.com/envato/marketify/html/arlo/1/js/init.js]
[frenify.com/envato/marketify/html/arlo/1/index-3.html]
[frenify.com/envato/marketify/html/arlo/1/js/plugins.js]
[fonts.googleapis.com/css136c.css]
[fonts.googleapis.com/css67e2.css]
[frenify.com/envato/marketify/html/arlo/1/index.html]
[frenify.com/envato/marketify/html/arlo/1/img/hero/2.jpg]
[frenify.com/envato/marketify/html/arlo/1/img/hero/1.jpg]
[frenify.com/envato/marketify/html/arlo/1/img/hero/4.jpg]
[frenify.com/envato/marketify/html/arlo/1/index-2.html]
[frenify.com/envato/marketify/html/arlo/1/portfolio-single.html]
[frenify.com/envato/marketify/html/arlo/1/portfolio-single-2.html]
[frenify.com/envato/marketify/html/arlo/1/portfolio-single-3.html]
[frenify.com/envato/marketify/html/arlo/1/portfolio-single-4.html]
[frenify.com/envato/marketify/html/arlo/1/img/hero/3.jpg]
[frenify.com/envato/marketify/html/arlo/1/portfolio-single-5.html]
[frenify.com/envato/marketify/html/arlo/1/portfolio-single-6.html]
[frenify.com/envato/marketify/html/arlo/1/index-2.html]
[frenify.com/envato/marketify/html/arlo/1/img/hero/img.jpg]
[frenify.com/envato/marketify/html/arlo/1/css/font/xcon8158.eot]
[frenify.com/envato/marketify/html/arlo/1/css/font/xcon8158.woff2]
[frenify.com/envato/marketify/html/arlo/1/css/font/xcon8158.woff]
[frenify.com/envato/marketify/html/arlo/1/css/font/xcon8158.ttf]
[frenify.com/envato/marketify/html/arlo/1/css/font/xcon8158.svg]
[frenify.com/envato/marketify/html/arlo/1/img/about/550x640.jpg]
[frenify.com/envato/marketify/html/arlo/1/img/about/1.jpg]
[frenify.com/envato/marketify/html/arlo/1/img/portfolio/1.jpg]
[frenify.com/envato/marketify/html/arlo/1/css/plugins.css]
[frenify.com/envato/marketify/html/arlo/1/img/portfolio/2.jpg]
[frenify.com/envato/marketify/html/arlo/1/css/style.css]
[frenify.com/envato/marketify/html/arlo/1/img/portfolio/3.jpg]
[frenify.com/envato/marketify/html/arlo/1/img/portfolio/4.jpg]
[frenify.com/envato/marketify/html/arlo/1/index.html]
[frenify.com/envato/marketify/html/arlo/1/img/svg/camera-diaphragm.svg]
[frenify.com/envato/marketify/html/arlo/1/img/portfolio/5.jpg]
[frenify.com/envato/marketify/html/arlo/1/img/svg/new-tab.svg]
[frenify.com/envato/marketify/html/arlo/1/img/svg/layers.svg]
[frenify.com/envato/marketify/html/arlo/1/img/blog/500x350.jpg]
[frenify.com/envato/marketify/html/arlo/1/img/portfolio/6.jpg]
[frenify.com/envato/marketify/html/arlo/1/img/svg/share.svg]
[frenify.com/envato/marketify/html/arlo/1/img/blog/1170x450.jpg]
[frenify.com/envato/marketify/html/arlo/1/img/svg/adobe-illustrator.svg]
[frenify.com/envato/marketify/html/arlo/1/img/blog/1.jpg]
[frenify.com/envato/marketify/html/arlo/1/img/blog/2.jpg]
[frenify.com/envato/marketify/html/arlo/1/img/svg/seo-performance-marketing-graphic.svg]
[frenify.com/envato/marketify/html/arlo/1/img/blog/3.jpg]
[frenify.com/envato/marketify/html/arlo/1/img/hero/1.jpg]
[frenify.com/envato/marketify/html/arlo/1/img/hero/4.jpg]
[frenify.com/envato/marketify/html/arlo/1/img/hero/3.jpg]
[frenify.com/envato/marketify/html/arlo/1/portfolio-single-2.html]
[frenify.com/envato/marketify/html/arlo/1/css/font/xcon8158.eot]
[frenify.com/envato/marketify/html/arlo/1/css/font/xcon8158.woff2]
[frenify.com/envato/marketify/html/arlo/1/css/font/xcon8158.ttf]
[frenify.com/envato/marketify/html/arlo/1/portfolio-single-3.html]
[frenify.com/envato/marketify/html/arlo/1/css/font/xcon8158.woff]
[frenify.com/envato/marketify/html/arlo/1/portfolio-single-4.html]
[frenify.com/envato/marketify/html/arlo/1/portfolio-single-5.html]
[frenify.com/envato/marketify/html/arlo/1/portfolio-single-6.html]
[frenify.com/envato/marketify/html/arlo/1/css/font/xcon8158.svg]
[frenify.com/envato/marketify/html/arlo/1/css/mCSB_buttons.html]
[frenify.com/envato/marketify/html/arlo/1/css/owl.video.play.html]
[frenify.com/envato/marketify/html/arlo/1/css/overlays/02.html]
